2021-12-31 15:32:40,131:INFO:wikiscrap.py:kajol : Found in DB (Main)
2021-12-31 15:32:40,571:INFO:wikiscrap.py:kajol : Read DB and formatted result
2021-12-31 15:33:38,331:INFO:wikiscrap.py:sunny leone : Found in DB (Main)
2021-12-31 15:33:38,751:INFO:wikiscrap.py:sunny leone : Read DB and formatted result
2021-12-31 15:34:04,292:INFO:wikiscrap.py:afafsghdhdh : Not found in DB (Main)
2021-12-31 15:34:05,020:INFO:wikiscrap.py:URL hitted
2021-12-31 15:34:07,165:INFO:wikiscrap.py:Search begins for afafsghdhdh
2021-12-31 15:34:07,166:INFO:wikiscrap.py:afafsghdhdh : Successfully extracted details
2021-12-31 15:34:08,288:INFO:wikiscrap.py:afafsghdhdh :not found in DB
2021-12-31 15:34:08,288:INFO:wikiscrap.py:afafsghdhdh :not found in DB
2021-12-31 15:34:08,324:INFO:wikiscrap.py:afafsghdhdh :Summary extracted
2021-12-31 15:34:08,324:INFO:wikiscrap.py:afafsghdhdh :Summary extracted
2021-12-31 15:34:14,260:INFO:wikiscrap.py:afafsghdhdh :reference links extracted
2021-12-31 15:34:14,260:INFO:wikiscrap.py:afafsghdhdh :reference links extracted
2021-12-31 15:47:01,812:INFO:wikiscrap.py:kajol : Found in DB (app)
2021-12-31 15:47:02,197:INFO:wikiscrap.py:kajol : Read DB and formatted result (app)
2021-12-31 15:47:25,676:INFO:wikiscrap.py:taj mahal : Found in DB (app)
2021-12-31 15:47:26,718:INFO:wikiscrap.py:taj mahal : Read DB and formatted result (app)
2021-12-31 15:48:12,100:INFO:wikiscrap.py:kajol : Not found in DB (app)
2021-12-31 15:48:15,725:INFO:wikiscrap.py:Search begins for kajol (app)
2021-12-31 15:48:15,726:INFO:wikiscrap.py:kajol : Successfully extracted details (app)
2021-12-31 15:48:16,532:INFO:wikiscrap.py:kajol : Not found in DB (scrapper)
2021-12-31 15:48:16,532:INFO:wikiscrap.py:kajol : Not found in DB (scrapper)
2021-12-31 15:48:21,643:INFO:wikiscrap.py:kajol : Summary extracted (scrapper)
2021-12-31 15:48:21,643:INFO:wikiscrap.py:kajol : Summary extracted (scrapper)
2021-12-31 15:48:23,587:INFO:wikiscrap.py:kajol : Reference links extracted (scrapper)
2021-12-31 15:48:23,587:INFO:wikiscrap.py:kajol : Reference links extracted (scrapper)
2021-12-31 15:48:25,483:INFO:wikiscrap.py:kajol : Image links extracted (scrapper)
2021-12-31 15:48:25,483:INFO:wikiscrap.py:kajol : Image links extracted (scrapper)
2021-12-31 15:48:25,483:INFO:wikiscrap.py:kajol : Result formatted (scrapper)
2021-12-31 15:48:25,483:INFO:wikiscrap.py:kajol : Result formatted (scrapper)
2021-12-31 15:48:25,932:INFO:wikiscrap.py:kajol : Record inserted in DB (scrapper)
2021-12-31 15:48:25,932:INFO:wikiscrap.py:kajol : Record inserted in DB (scrapper)
2021-12-31 15:48:25,933:INFO:wikiscrap.py:Thread run completed (app)
2021-12-31 15:48:25,933:INFO:wikiscrap.py:Thread run completed (app)
2021-12-31 15:50:05,621:INFO:wikiscrap.py:sunny leone : Not found in DB (app)
2021-12-31 15:50:05,621:INFO:wikiscrap.py:sunny leone : Not found in DB (app)
2021-12-31 15:50:10,222:INFO:wikiscrap.py:Search begins for sunny leone (app)
2021-12-31 15:50:10,222:INFO:wikiscrap.py:Search begins for sunny leone (app)
2021-12-31 15:50:10,222:INFO:wikiscrap.py:sunny leone : Successfully extracted details (app)
2021-12-31 15:50:10,222:INFO:wikiscrap.py:sunny leone : Successfully extracted details (app)
2021-12-31 15:50:11,192:INFO:wikiscrap.py:sunny leone : Not found in DB (scrapper)
2021-12-31 15:50:11,192:INFO:wikiscrap.py:sunny leone : Not found in DB (scrapper)
2021-12-31 15:50:11,192:INFO:wikiscrap.py:sunny leone : Not found in DB (scrapper)
2021-12-31 15:50:12,066:INFO:wikiscrap.py:sunny leone : Summary extracted (scrapper)
2021-12-31 15:50:12,066:INFO:wikiscrap.py:sunny leone : Summary extracted (scrapper)
2021-12-31 15:50:12,066:INFO:wikiscrap.py:sunny leone : Summary extracted (scrapper)
2021-12-31 15:50:13,233:INFO:wikiscrap.py:sunny leone : Reference links extracted (scrapper)
2021-12-31 15:50:13,233:INFO:wikiscrap.py:sunny leone : Reference links extracted (scrapper)
2021-12-31 15:50:13,233:INFO:wikiscrap.py:sunny leone : Reference links extracted (scrapper)
2021-12-31 15:50:15,155:INFO:wikiscrap.py:sunny leone : Image links extracted (scrapper)
2021-12-31 15:50:15,155:INFO:wikiscrap.py:sunny leone : Image links extracted (scrapper)
2021-12-31 15:50:15,155:INFO:wikiscrap.py:sunny leone : Image links extracted (scrapper)
2021-12-31 15:50:15,156:INFO:wikiscrap.py:sunny leone : Result formatted (scrapper)
2021-12-31 15:50:15,156:INFO:wikiscrap.py:sunny leone : Result formatted (scrapper)
2021-12-31 15:50:15,156:INFO:wikiscrap.py:sunny leone : Result formatted (scrapper)
2021-12-31 15:50:15,609:INFO:wikiscrap.py:sunny leone : Record inserted in DB (scrapper)
2021-12-31 15:50:15,609:INFO:wikiscrap.py:sunny leone : Record inserted in DB (scrapper)
2021-12-31 15:50:15,609:INFO:wikiscrap.py:sunny leone : Record inserted in DB (scrapper)
2021-12-31 15:50:15,610:INFO:wikiscrap.py:Thread run completed (app)
2021-12-31 15:50:15,610:INFO:wikiscrap.py:Thread run completed (app)
2021-12-31 15:50:15,610:INFO:wikiscrap.py:Thread run completed (app)
2021-12-31 15:51:54,463:INFO:wikiscrap.py:sunny leone : Found in DB (app)
2021-12-31 15:51:54,463:INFO:wikiscrap.py:sunny leone : Found in DB (app)
2021-12-31 15:51:54,463:INFO:wikiscrap.py:sunny leone : Found in DB (app)
2021-12-31 15:51:54,812:INFO:wikiscrap.py:sunny leone : Read DB and formatted result (app)
2021-12-31 15:51:54,812:INFO:wikiscrap.py:sunny leone : Read DB and formatted result (app)
2021-12-31 15:51:54,812:INFO:wikiscrap.py:sunny leone : Read DB and formatted result (app)
2021-12-31 15:52:52,874:INFO:wikiscrap.py:sunny leone : Not found in DB (app)
2021-12-31 15:52:52,874:INFO:wikiscrap.py:sunny leone : Not found in DB (app)
2021-12-31 15:52:52,874:INFO:wikiscrap.py:sunny leone : Not found in DB (app)
2021-12-31 15:52:55,611:INFO:wikiscrap.py:Search begins for sunny leone (app)
2021-12-31 15:52:55,611:INFO:wikiscrap.py:Search begins for sunny leone (app)
2021-12-31 15:52:55,611:INFO:wikiscrap.py:Search begins for sunny leone (app)
2021-12-31 15:52:55,611:INFO:wikiscrap.py:sunny leone : Successfully extracted details (app)
2021-12-31 15:52:55,611:INFO:wikiscrap.py:sunny leone : Successfully extracted details (app)
2021-12-31 15:52:55,611:INFO:wikiscrap.py:sunny leone : Successfully extracted details (app)
2021-12-31 15:52:58,518:INFO:wikiscrap.py:sunny leone : Not found in DB (scrapper)
2021-12-31 15:52:58,518:INFO:wikiscrap.py:sunny leone : Not found in DB (scrapper)
2021-12-31 15:52:58,518:INFO:wikiscrap.py:sunny leone : Not found in DB (scrapper)
2021-12-31 15:52:58,518:INFO:wikiscrap.py:sunny leone : Not found in DB (scrapper)
2021-12-31 15:52:59,452:INFO:wikiscrap.py:sunny leone : Summary extracted (scrapper)
2021-12-31 15:52:59,452:INFO:wikiscrap.py:sunny leone : Summary extracted (scrapper)
2021-12-31 15:52:59,452:INFO:wikiscrap.py:sunny leone : Summary extracted (scrapper)
2021-12-31 15:52:59,452:INFO:wikiscrap.py:sunny leone : Summary extracted (scrapper)
2021-12-31 15:53:04,404:INFO:wikiscrap.py:sunny leone : Reference links extracted (scrapper)
2021-12-31 15:53:04,404:INFO:wikiscrap.py:sunny leone : Reference links extracted (scrapper)
2021-12-31 15:53:04,404:INFO:wikiscrap.py:sunny leone : Reference links extracted (scrapper)
2021-12-31 15:53:04,404:INFO:wikiscrap.py:sunny leone : Reference links extracted (scrapper)
2021-12-31 15:53:06,333:INFO:wikiscrap.py:sunny leone : Image links extracted (scrapper)
2021-12-31 15:53:06,333:INFO:wikiscrap.py:sunny leone : Image links extracted (scrapper)
2021-12-31 15:53:06,333:INFO:wikiscrap.py:sunny leone : Image links extracted (scrapper)
2021-12-31 15:53:06,333:INFO:wikiscrap.py:sunny leone : Image links extracted (scrapper)
2021-12-31 15:53:06,333:INFO:wikiscrap.py:sunny leone : Result formatted (scrapper)
2021-12-31 15:53:06,333:INFO:wikiscrap.py:sunny leone : Result formatted (scrapper)
2021-12-31 15:53:06,333:INFO:wikiscrap.py:sunny leone : Result formatted (scrapper)
2021-12-31 15:53:06,333:INFO:wikiscrap.py:sunny leone : Result formatted (scrapper)
2021-12-31 15:53:06,793:INFO:wikiscrap.py:sunny leone : Record inserted in DB (scrapper)
2021-12-31 15:53:06,793:INFO:wikiscrap.py:sunny leone : Record inserted in DB (scrapper)
2021-12-31 15:53:06,793:INFO:wikiscrap.py:sunny leone : Record inserted in DB (scrapper)
2021-12-31 15:53:06,793:INFO:wikiscrap.py:sunny leone : Record inserted in DB (scrapper)
2021-12-31 15:53:06,795:INFO:wikiscrap.py:Thread run completed (app)
2021-12-31 15:53:06,795:INFO:wikiscrap.py:Thread run completed (app)
2021-12-31 15:53:06,795:INFO:wikiscrap.py:Thread run completed (app)
2021-12-31 15:53:06,795:INFO:wikiscrap.py:Thread run completed (app)
2021-12-31 15:55:13,503:INFO:wikiscrap.py:sunny leone : Not found in DB (app)
2021-12-31 15:55:16,275:INFO:wikiscrap.py:Search begins for sunny leone (app)
2021-12-31 15:55:16,276:INFO:wikiscrap.py:sunny leone : Successfully extracted details (app)
2021-12-31 15:55:17,119:INFO:wikiscrap.py:sunny leone : Not found in DB (scrapper)
2021-12-31 15:55:17,119:INFO:wikiscrap.py:sunny leone : Not found in DB (scrapper)
2021-12-31 15:55:17,991:INFO:wikiscrap.py:sunny leone : Summary extracted (scrapper)
2021-12-31 15:55:17,991:INFO:wikiscrap.py:sunny leone : Summary extracted (scrapper)
2021-12-31 15:55:18,893:INFO:wikiscrap.py:sunny leone : Reference links extracted (scrapper)
2021-12-31 15:55:18,893:INFO:wikiscrap.py:sunny leone : Reference links extracted (scrapper)
2021-12-31 15:55:20,779:INFO:wikiscrap.py:sunny leone : Image links extracted (scrapper)
2021-12-31 15:55:20,779:INFO:wikiscrap.py:sunny leone : Image links extracted (scrapper)
2021-12-31 15:55:20,779:INFO:wikiscrap.py:sunny leone : Result formatted (scrapper)
2021-12-31 15:55:20,779:INFO:wikiscrap.py:sunny leone : Result formatted (scrapper)
2021-12-31 15:55:21,202:INFO:wikiscrap.py:sunny leone : Record inserted in DB (scrapper)
2021-12-31 15:55:21,202:INFO:wikiscrap.py:sunny leone : Record inserted in DB (scrapper)
2021-12-31 15:55:21,202:INFO:wikiscrap.py:Thread run completed (app)
2021-12-31 15:55:21,202:INFO:wikiscrap.py:Thread run completed (app)
2021-12-31 15:56:16,389:INFO:wikiscrap.py:sunny leone : Not found in DB (app)
2021-12-31 15:56:19,275:INFO:wikiscrap.py:Search begins for sunny leone (app)
2021-12-31 15:56:19,277:INFO:wikiscrap.py:sunny leone : Successfully extracted details (app)
2021-12-31 15:56:20,116:INFO:wikiscrap.py:sunny leone : Not found in DB (scrapper)
2021-12-31 15:56:20,116:INFO:wikiscrap.py:sunny leone : Not found in DB (scrapper)
2021-12-31 15:56:20,986:INFO:wikiscrap.py:sunny leone : Summary extracted (scrapper)
2021-12-31 15:56:20,986:INFO:wikiscrap.py:sunny leone : Summary extracted (scrapper)
2021-12-31 15:56:21,906:INFO:wikiscrap.py:sunny leone : Reference links extracted (scrapper)
2021-12-31 15:56:21,906:INFO:wikiscrap.py:sunny leone : Reference links extracted (scrapper)
2021-12-31 15:56:23,735:INFO:wikiscrap.py:sunny leone : Image links extracted (scrapper)
2021-12-31 15:56:23,735:INFO:wikiscrap.py:sunny leone : Image links extracted (scrapper)
2021-12-31 15:56:23,735:INFO:wikiscrap.py:sunny leone : Result formatted (scrapper)
2021-12-31 15:56:23,735:INFO:wikiscrap.py:sunny leone : Result formatted (scrapper)
2021-12-31 15:56:24,214:INFO:wikiscrap.py:sunny leone : Record inserted in DB (scrapper)
2021-12-31 15:56:24,214:INFO:wikiscrap.py:sunny leone : Record inserted in DB (scrapper)
2021-12-31 15:56:24,215:INFO:wikiscrap.py:Thread run completed (app)
2021-12-31 15:56:24,215:INFO:wikiscrap.py:Thread run completed (app)
2021-12-31 15:56:29,408:INFO:wikiscrap.py:Landed in Feedback Para
2021-12-31 15:56:29,408:INFO:wikiscrap.py:Landed in Feedback Para
2021-12-31 15:56:31,863:INFO:wikiscrap.py:Record read from DB (Feedback)
2021-12-31 15:56:31,863:INFO:wikiscrap.py:Record read from DB (Feedback)
2021-12-31 15:56:31,864:INFO:wikiscrap.py:Formatted result (Feedback)
2021-12-31 15:56:31,864:INFO:wikiscrap.py:Formatted result (Feedback)
2021-12-31 15:56:31,968:INFO:wikiscrap.py:Closed connection (Feedback)
2021-12-31 15:56:31,968:INFO:wikiscrap.py:Closed connection (Feedback)
2021-12-31 15:58:32,504:INFO:wikiscrap.py:sunny leone : Not found in DB (app)
2021-12-31 15:58:32,504:INFO:wikiscrap.py:sunny leone : Not found in DB (app)
2021-12-31 15:58:35,273:INFO:wikiscrap.py:Search begins for sunny leone (app)
2021-12-31 15:58:35,273:INFO:wikiscrap.py:Search begins for sunny leone (app)
2021-12-31 15:58:35,274:INFO:wikiscrap.py:sunny leone : Successfully extracted details (app)
2021-12-31 15:58:35,274:INFO:wikiscrap.py:sunny leone : Successfully extracted details (app)
2021-12-31 15:58:36,229:INFO:wikiscrap.py:sunny leone : Not found in DB (scrapper)
2021-12-31 15:58:36,229:INFO:wikiscrap.py:sunny leone : Not found in DB (scrapper)
2021-12-31 15:58:36,229:INFO:wikiscrap.py:sunny leone : Not found in DB (scrapper)
2021-12-31 15:58:39,096:INFO:wikiscrap.py:sunny leone : Summary extracted (scrapper)
2021-12-31 15:58:39,096:INFO:wikiscrap.py:sunny leone : Summary extracted (scrapper)
2021-12-31 15:58:39,096:INFO:wikiscrap.py:sunny leone : Summary extracted (scrapper)
2021-12-31 15:58:39,955:INFO:wikiscrap.py:sunny leone : Reference links extracted (scrapper)
2021-12-31 15:58:39,955:INFO:wikiscrap.py:sunny leone : Reference links extracted (scrapper)
2021-12-31 15:58:39,955:INFO:wikiscrap.py:sunny leone : Reference links extracted (scrapper)
2021-12-31 15:58:41,782:INFO:wikiscrap.py:sunny leone : Image links extracted (scrapper)
2021-12-31 15:58:41,782:INFO:wikiscrap.py:sunny leone : Image links extracted (scrapper)
2021-12-31 15:58:41,782:INFO:wikiscrap.py:sunny leone : Image links extracted (scrapper)
2021-12-31 15:58:41,782:INFO:wikiscrap.py:sunny leone : Result formatted (scrapper)
2021-12-31 15:58:41,782:INFO:wikiscrap.py:sunny leone : Result formatted (scrapper)
2021-12-31 15:58:41,782:INFO:wikiscrap.py:sunny leone : Result formatted (scrapper)
2021-12-31 15:58:42,208:INFO:wikiscrap.py:sunny leone : Record inserted in DB (scrapper)
2021-12-31 15:58:42,208:INFO:wikiscrap.py:sunny leone : Record inserted in DB (scrapper)
2021-12-31 15:58:42,208:INFO:wikiscrap.py:sunny leone : Record inserted in DB (scrapper)
2021-12-31 15:58:42,209:INFO:wikiscrap.py:Thread run completed (app)
2021-12-31 15:58:42,209:INFO:wikiscrap.py:Thread run completed (app)
2021-12-31 15:58:42,209:INFO:wikiscrap.py:Thread run completed (app)
2021-12-31 15:58:45,363:INFO:wikiscrap.py:Landed in Feedback Para
2021-12-31 15:58:45,363:INFO:wikiscrap.py:Landed in Feedback Para
2021-12-31 15:58:45,363:INFO:wikiscrap.py:Landed in Feedback Para
2021-12-31 15:58:47,785:INFO:wikiscrap.py:Record read from DB (Feedback)
2021-12-31 15:58:47,785:INFO:wikiscrap.py:Record read from DB (Feedback)
2021-12-31 15:58:47,785:INFO:wikiscrap.py:Record read from DB (Feedback)
2021-12-31 15:58:47,786:INFO:wikiscrap.py:Formatted result (Feedback)
2021-12-31 15:58:47,786:INFO:wikiscrap.py:Formatted result (Feedback)
2021-12-31 15:58:47,786:INFO:wikiscrap.py:Formatted result (Feedback)
2021-12-31 15:58:47,835:INFO:wikiscrap.py:Closed connection (Feedback)
2021-12-31 15:58:47,835:INFO:wikiscrap.py:Closed connection (Feedback)
2021-12-31 15:58:47,835:INFO:wikiscrap.py:Closed connection (Feedback)
2021-12-31 16:00:19,251:INFO:wikiscrap.py:kkajdkajk; : Not found in DB (app)
2021-12-31 16:00:19,251:INFO:wikiscrap.py:kkajdkajk; : Not found in DB (app)
2021-12-31 16:00:19,251:INFO:wikiscrap.py:kkajdkajk; : Not found in DB (app)
2021-12-31 16:00:22,198:INFO:wikiscrap.py:Search begins for kkajdkajk; (app)
2021-12-31 16:00:22,198:INFO:wikiscrap.py:Search begins for kkajdkajk; (app)
2021-12-31 16:00:22,198:INFO:wikiscrap.py:Search begins for kkajdkajk; (app)
2021-12-31 16:00:22,198:INFO:wikiscrap.py:kkajdkajk; : Successfully extracted details (app)
2021-12-31 16:00:22,198:INFO:wikiscrap.py:kkajdkajk; : Successfully extracted details (app)
2021-12-31 16:00:22,198:INFO:wikiscrap.py:kkajdkajk; : Successfully extracted details (app)
2021-12-31 16:00:22,943:INFO:wikiscrap.py:kkajdkajk; : Not found in DB (scrapper)
2021-12-31 16:00:22,943:INFO:wikiscrap.py:kkajdkajk; : Not found in DB (scrapper)
2021-12-31 16:00:22,943:INFO:wikiscrap.py:kkajdkajk; : Not found in DB (scrapper)
2021-12-31 16:00:22,943:INFO:wikiscrap.py:kkajdkajk; : Not found in DB (scrapper)
2021-12-31 16:00:23,062:INFO:wikiscrap.py:kkajdkajk; : Summary extracted (scrapper)
2021-12-31 16:00:23,062:INFO:wikiscrap.py:kkajdkajk; : Summary extracted (scrapper)
2021-12-31 16:00:23,062:INFO:wikiscrap.py:kkajdkajk; : Summary extracted (scrapper)
2021-12-31 16:00:23,062:INFO:wikiscrap.py:kkajdkajk; : Summary extracted (scrapper)
2021-12-31 16:00:24,475:INFO:wikiscrap.py:kkajdkajk; : Reference links extracted (scrapper)
2021-12-31 16:00:24,475:INFO:wikiscrap.py:kkajdkajk; : Reference links extracted (scrapper)
2021-12-31 16:00:24,475:INFO:wikiscrap.py:kkajdkajk; : Reference links extracted (scrapper)
2021-12-31 16:00:24,475:INFO:wikiscrap.py:kkajdkajk; : Reference links extracted (scrapper)
2021-12-31 16:00:28,971:INFO:wikiscrap.py:kkajdkajk; : Failed in while extracting image links (scrapper)
2021-12-31 16:00:28,971:INFO:wikiscrap.py:kkajdkajk; : Failed in while extracting image links (scrapper)
2021-12-31 16:00:28,971:INFO:wikiscrap.py:kkajdkajk; : Failed in while extracting image links (scrapper)
2021-12-31 16:00:28,971:INFO:wikiscrap.py:kkajdkajk; : Failed in while extracting image links (scrapper)
2021-12-31 16:00:28,971:INFO:wikiscrap.py:Thread run completed (app)
2021-12-31 16:00:28,971:INFO:wikiscrap.py:Thread run completed (app)
2021-12-31 16:00:28,971:INFO:wikiscrap.py:Thread run completed (app)
2021-12-31 16:00:28,971:INFO:wikiscrap.py:Thread run completed (app)
2021-12-31 16:00:32,274:INFO:wikiscrap.py:Landed in Feedback Para
2021-12-31 16:00:32,274:INFO:wikiscrap.py:Landed in Feedback Para
2021-12-31 16:00:32,274:INFO:wikiscrap.py:Landed in Feedback Para
2021-12-31 16:00:32,274:INFO:wikiscrap.py:Landed in Feedback Para
2021-12-31 16:00:34,267:INFO:wikiscrap.py:Not able to search input keyword (Feedback)
2021-12-31 16:00:34,267:INFO:wikiscrap.py:Not able to search input keyword (Feedback)
2021-12-31 16:00:34,267:INFO:wikiscrap.py:Not able to search input keyword (Feedback)
2021-12-31 16:00:34,267:INFO:wikiscrap.py:Not able to search input keyword (Feedback)
2021-12-31 16:04:08,124:INFO:wikiscrap.py:afafafaf dfafa : Not found in DB (app)
2021-12-31 16:04:08,124:INFO:wikiscrap.py:afafafaf dfafa : Not found in DB (app)
2021-12-31 16:04:08,124:INFO:wikiscrap.py:afafafaf dfafa : Not found in DB (app)
2021-12-31 16:04:08,124:INFO:wikiscrap.py:afafafaf dfafa : Not found in DB (app)
2021-12-31 16:04:11,043:INFO:wikiscrap.py:Search begins for afafafaf dfafa (app)
2021-12-31 16:04:11,043:INFO:wikiscrap.py:Search begins for afafafaf dfafa (app)
2021-12-31 16:04:11,043:INFO:wikiscrap.py:Search begins for afafafaf dfafa (app)
2021-12-31 16:04:11,043:INFO:wikiscrap.py:Search begins for afafafaf dfafa (app)
2021-12-31 16:04:11,043:INFO:wikiscrap.py:afafafaf dfafa : Successfully extracted details (app)
2021-12-31 16:04:11,043:INFO:wikiscrap.py:afafafaf dfafa : Successfully extracted details (app)
2021-12-31 16:04:11,043:INFO:wikiscrap.py:afafafaf dfafa : Successfully extracted details (app)
2021-12-31 16:04:11,043:INFO:wikiscrap.py:afafafaf dfafa : Successfully extracted details (app)
2021-12-31 16:04:11,047:INFO:wikiscrap.py:Landed in Feedback Para
2021-12-31 16:04:11,047:INFO:wikiscrap.py:Landed in Feedback Para
2021-12-31 16:04:11,047:INFO:wikiscrap.py:Landed in Feedback Para
2021-12-31 16:04:11,047:INFO:wikiscrap.py:Landed in Feedback Para
2021-12-31 16:04:11,047:INFO:wikiscrap.py:Landed in Feedback Para
2021-12-31 16:04:11,920:INFO:wikiscrap.py:afafafaf dfafa : Not found in DB (scrapper)
2021-12-31 16:04:11,920:INFO:wikiscrap.py:afafafaf dfafa : Not found in DB (scrapper)
2021-12-31 16:04:11,920:INFO:wikiscrap.py:afafafaf dfafa : Not found in DB (scrapper)
2021-12-31 16:04:11,920:INFO:wikiscrap.py:afafafaf dfafa : Not found in DB (scrapper)
2021-12-31 16:04:11,920:INFO:wikiscrap.py:afafafaf dfafa : Not found in DB (scrapper)
2021-12-31 16:04:12,016:INFO:wikiscrap.py:afafafaf dfafa : Summary extracted (scrapper)
2021-12-31 16:04:12,016:INFO:wikiscrap.py:afafafaf dfafa : Summary extracted (scrapper)
2021-12-31 16:04:12,016:INFO:wikiscrap.py:afafafaf dfafa : Summary extracted (scrapper)
2021-12-31 16:04:12,016:INFO:wikiscrap.py:afafafaf dfafa : Summary extracted (scrapper)
2021-12-31 16:04:12,016:INFO:wikiscrap.py:afafafaf dfafa : Summary extracted (scrapper)
2021-12-31 16:04:13,080:INFO:wikiscrap.py:Not able to search input keyword (Feedback)
2021-12-31 16:04:13,080:INFO:wikiscrap.py:Not able to search input keyword (Feedback)
2021-12-31 16:04:13,080:INFO:wikiscrap.py:Not able to search input keyword (Feedback)
2021-12-31 16:04:13,080:INFO:wikiscrap.py:Not able to search input keyword (Feedback)
2021-12-31 16:04:13,080:INFO:wikiscrap.py:Not able to search input keyword (Feedback)
2021-12-31 16:04:13,561:INFO:wikiscrap.py:afafafaf dfafa : Reference links extracted (scrapper)
2021-12-31 16:04:13,561:INFO:wikiscrap.py:afafafaf dfafa : Reference links extracted (scrapper)
2021-12-31 16:04:13,561:INFO:wikiscrap.py:afafafaf dfafa : Reference links extracted (scrapper)
2021-12-31 16:04:13,561:INFO:wikiscrap.py:afafafaf dfafa : Reference links extracted (scrapper)
2021-12-31 16:04:13,561:INFO:wikiscrap.py:afafafaf dfafa : Reference links extracted (scrapper)
2021-12-31 16:04:18,012:INFO:wikiscrap.py:afafafaf dfafa : Failed in while extracting image links (scrapper)
2021-12-31 16:04:18,012:INFO:wikiscrap.py:afafafaf dfafa : Failed in while extracting image links (scrapper)
2021-12-31 16:04:18,012:INFO:wikiscrap.py:afafafaf dfafa : Failed in while extracting image links (scrapper)
2021-12-31 16:04:18,012:INFO:wikiscrap.py:afafafaf dfafa : Failed in while extracting image links (scrapper)
2021-12-31 16:04:18,012:INFO:wikiscrap.py:afafafaf dfafa : Failed in while extracting image links (scrapper)
2021-12-31 16:04:18,013:INFO:wikiscrap.py:Thread run completed (app)
2021-12-31 16:04:18,013:INFO:wikiscrap.py:Thread run completed (app)
2021-12-31 16:04:18,013:INFO:wikiscrap.py:Thread run completed (app)
2021-12-31 16:04:18,013:INFO:wikiscrap.py:Thread run completed (app)
2021-12-31 16:04:18,013:INFO:wikiscrap.py:Thread run completed (app)
2021-12-31 16:12:44,714:INFO:wikiscrap.py:kajol : Not found in DB (app)
2021-12-31 16:12:47,419:INFO:wikiscrap.py:Search begins for kajol (app)
2021-12-31 16:12:47,420:INFO:wikiscrap.py:kajol : Successfully extracted details (app)
2021-12-31 16:12:48,218:INFO:wikiscrap.py:kajol : Not found in DB (scrapper)
2021-12-31 16:12:48,218:INFO:wikiscrap.py:kajol : Not found in DB (scrapper)
2021-12-31 16:12:49,232:INFO:wikiscrap.py:kajol : Summary extracted (scrapper)
2021-12-31 16:12:49,232:INFO:wikiscrap.py:kajol : Summary extracted (scrapper)
2021-12-31 16:12:50,412:INFO:wikiscrap.py:kajol : Reference links extracted (scrapper)
2021-12-31 16:12:50,412:INFO:wikiscrap.py:kajol : Reference links extracted (scrapper)
2021-12-31 16:12:52,402:INFO:wikiscrap.py:kajol : Image links extracted (scrapper)
2021-12-31 16:12:52,402:INFO:wikiscrap.py:kajol : Image links extracted (scrapper)
2021-12-31 16:12:52,402:INFO:wikiscrap.py:kajol : Result formatted (scrapper)
2021-12-31 16:12:52,402:INFO:wikiscrap.py:kajol : Result formatted (scrapper)
2021-12-31 16:12:52,839:INFO:wikiscrap.py:kajol : Record inserted in DB (scrapper)
2021-12-31 16:12:52,839:INFO:wikiscrap.py:kajol : Record inserted in DB (scrapper)
2021-12-31 16:12:52,839:INFO:wikiscrap.py:Thread run completed (app)
2021-12-31 16:12:52,839:INFO:wikiscrap.py:Thread run completed (app)
2021-12-31 16:12:57,524:INFO:wikiscrap.py:Landed in wikisummary Para
2021-12-31 16:12:57,524:INFO:wikiscrap.py:Landed in wikisummary Para
2021-12-31 16:12:59,930:INFO:wikiscrap.py:Record read from DB (wikisummary)
2021-12-31 16:12:59,930:INFO:wikiscrap.py:Record read from DB (wikisummary)
2021-12-31 16:12:59,930:INFO:wikiscrap.py:Formatted result (wikisummary)
2021-12-31 16:12:59,930:INFO:wikiscrap.py:Formatted result (wikisummary)
2021-12-31 16:13:00,012:INFO:wikiscrap.py:Closed connection (wikisummary)
2021-12-31 16:13:00,012:INFO:wikiscrap.py:Closed connection (wikisummary)
2021-12-31 16:13:17,956:INFO:wikiscrap.py:kajol : Found in DB (app)
2021-12-31 16:13:17,956:INFO:wikiscrap.py:kajol : Found in DB (app)
2021-12-31 16:13:18,353:INFO:wikiscrap.py:kajol : Read DB and formatted result (app)
2021-12-31 16:13:18,353:INFO:wikiscrap.py:kajol : Read DB and formatted result (app)
2021-12-31 16:13:29,894:INFO:wikiscrap.py:fafafaf fafaa : Not found in DB (app)
2021-12-31 16:13:29,894:INFO:wikiscrap.py:fafafaf fafaa : Not found in DB (app)
2021-12-31 16:13:32,977:INFO:wikiscrap.py:Search begins for fafafaf fafaa (app)
2021-12-31 16:13:32,977:INFO:wikiscrap.py:Search begins for fafafaf fafaa (app)
2021-12-31 16:13:32,978:INFO:wikiscrap.py:fafafaf fafaa : Successfully extracted details (app)
2021-12-31 16:13:32,978:INFO:wikiscrap.py:fafafaf fafaa : Successfully extracted details (app)
2021-12-31 16:13:33,720:INFO:wikiscrap.py:fafafaf fafaa : Not found in DB (scrapper)
2021-12-31 16:13:33,720:INFO:wikiscrap.py:fafafaf fafaa : Not found in DB (scrapper)
2021-12-31 16:13:33,720:INFO:wikiscrap.py:fafafaf fafaa : Not found in DB (scrapper)
2021-12-31 16:13:33,783:INFO:wikiscrap.py:fafafaf fafaa : Summary extracted (scrapper)
2021-12-31 16:13:33,783:INFO:wikiscrap.py:fafafaf fafaa : Summary extracted (scrapper)
2021-12-31 16:13:33,783:INFO:wikiscrap.py:fafafaf fafaa : Summary extracted (scrapper)
2021-12-31 16:13:35,294:INFO:wikiscrap.py:fafafaf fafaa : Reference links extracted (scrapper)
2021-12-31 16:13:35,294:INFO:wikiscrap.py:fafafaf fafaa : Reference links extracted (scrapper)
2021-12-31 16:13:35,294:INFO:wikiscrap.py:fafafaf fafaa : Reference links extracted (scrapper)
2021-12-31 16:13:39,825:INFO:wikiscrap.py:fafafaf fafaa : Failed in while extracting image links (scrapper)
2021-12-31 16:13:39,825:INFO:wikiscrap.py:fafafaf fafaa : Failed in while extracting image links (scrapper)
2021-12-31 16:13:39,825:INFO:wikiscrap.py:fafafaf fafaa : Failed in while extracting image links (scrapper)
2021-12-31 16:13:39,825:INFO:wikiscrap.py:Thread run completed (app)
2021-12-31 16:13:39,825:INFO:wikiscrap.py:Thread run completed (app)
2021-12-31 16:13:39,825:INFO:wikiscrap.py:Thread run completed (app)
2021-12-31 16:13:43,064:INFO:wikiscrap.py:Landed in wikisummary Para
2021-12-31 16:13:43,064:INFO:wikiscrap.py:Landed in wikisummary Para
2021-12-31 16:13:43,064:INFO:wikiscrap.py:Landed in wikisummary Para
2021-12-31 16:13:45,709:INFO:wikiscrap.py:Not able to search input keyword (wikisummary)
2021-12-31 16:13:45,709:INFO:wikiscrap.py:Not able to search input keyword (wikisummary)
2021-12-31 16:13:45,709:INFO:wikiscrap.py:Not able to search input keyword (wikisummary)
2021-12-31 16:20:29,864:INFO:wikiscrap.py:kajol : Found in DB (app)
2021-12-31 16:20:30,262:INFO:wikiscrap.py:kajol : Read DB and formatted result (app)
2021-12-31 16:20:54,563:INFO:wikiscrap.py:kajol : Not found in DB (app)
2021-12-31 16:20:57,808:INFO:wikiscrap.py:Search begins for kajol (app)
2021-12-31 16:20:57,808:INFO:wikiscrap.py:kajol : Successfully extracted details (app)
2021-12-31 16:20:58,567:INFO:wikiscrap.py:kajol : Not found in DB (scrapper)
2021-12-31 16:20:58,567:INFO:wikiscrap.py:kajol : Not found in DB (scrapper)
2021-12-31 16:21:01,648:INFO:wikiscrap.py:kajol : Summary extracted (scrapper)
2021-12-31 16:21:01,648:INFO:wikiscrap.py:kajol : Summary extracted (scrapper)
2021-12-31 16:21:02,793:INFO:wikiscrap.py:kajol : Reference links extracted (scrapper)
2021-12-31 16:21:02,793:INFO:wikiscrap.py:kajol : Reference links extracted (scrapper)
2021-12-31 16:21:04,704:INFO:wikiscrap.py:kajol : Image links extracted (scrapper)
2021-12-31 16:21:04,704:INFO:wikiscrap.py:kajol : Image links extracted (scrapper)
2021-12-31 16:21:04,704:INFO:wikiscrap.py:kajol : Result formatted (scrapper)
2021-12-31 16:21:04,704:INFO:wikiscrap.py:kajol : Result formatted (scrapper)
2021-12-31 16:21:05,129:INFO:wikiscrap.py:kajol : Record inserted in DB (scrapper)
2021-12-31 16:21:05,129:INFO:wikiscrap.py:kajol : Record inserted in DB (scrapper)
2021-12-31 16:21:05,130:INFO:wikiscrap.py:Thread run completed (app)
2021-12-31 16:21:05,130:INFO:wikiscrap.py:Thread run completed (app)
2021-12-31 16:21:07,906:INFO:wikiscrap.py:Landed in wikisummary Para
2021-12-31 16:21:07,906:INFO:wikiscrap.py:Landed in wikisummary Para
2021-12-31 16:21:10,348:INFO:wikiscrap.py:Record read from DB (wikisummary)
2021-12-31 16:21:10,348:INFO:wikiscrap.py:Record read from DB (wikisummary)
2021-12-31 16:21:10,349:INFO:wikiscrap.py:Formatted result (wikisummary)
2021-12-31 16:21:10,349:INFO:wikiscrap.py:Formatted result (wikisummary)
2021-12-31 16:21:10,428:INFO:wikiscrap.py:Closed connection (wikisummary)
2021-12-31 16:21:10,428:INFO:wikiscrap.py:Closed connection (wikisummary)
2021-12-31 16:21:20,743:INFO:wikiscrap.py:agra canal : Not found in DB (app)
2021-12-31 16:21:20,743:INFO:wikiscrap.py:agra canal : Not found in DB (app)
2021-12-31 16:21:24,037:INFO:wikiscrap.py:Search begins for agra canal (app)
2021-12-31 16:21:24,037:INFO:wikiscrap.py:Search begins for agra canal (app)
2021-12-31 16:21:24,037:INFO:wikiscrap.py:agra canal : Successfully extracted details (app)
2021-12-31 16:21:24,037:INFO:wikiscrap.py:agra canal : Successfully extracted details (app)
2021-12-31 16:21:24,839:INFO:wikiscrap.py:agra canal : Not found in DB (scrapper)
2021-12-31 16:21:24,839:INFO:wikiscrap.py:agra canal : Not found in DB (scrapper)
2021-12-31 16:21:24,839:INFO:wikiscrap.py:agra canal : Not found in DB (scrapper)
2021-12-31 16:21:25,000:INFO:wikiscrap.py:agra canal : Summary extracted (scrapper)
2021-12-31 16:21:25,000:INFO:wikiscrap.py:agra canal : Summary extracted (scrapper)
2021-12-31 16:21:25,000:INFO:wikiscrap.py:agra canal : Summary extracted (scrapper)
2021-12-31 16:21:27,837:INFO:wikiscrap.py:agra canal : Reference links extracted (scrapper)
2021-12-31 16:21:27,837:INFO:wikiscrap.py:agra canal : Reference links extracted (scrapper)
2021-12-31 16:21:27,837:INFO:wikiscrap.py:agra canal : Reference links extracted (scrapper)
2021-12-31 16:21:31,112:INFO:wikiscrap.py:agra canal : Image links extracted (scrapper)
2021-12-31 16:21:31,112:INFO:wikiscrap.py:agra canal : Image links extracted (scrapper)
2021-12-31 16:21:31,112:INFO:wikiscrap.py:agra canal : Image links extracted (scrapper)
2021-12-31 16:21:31,112:INFO:wikiscrap.py:agra canal : Result formatted (scrapper)
2021-12-31 16:21:31,112:INFO:wikiscrap.py:agra canal : Result formatted (scrapper)
2021-12-31 16:21:31,112:INFO:wikiscrap.py:agra canal : Result formatted (scrapper)
2021-12-31 16:21:31,729:INFO:wikiscrap.py:agra canal : Record inserted in DB (scrapper)
2021-12-31 16:21:31,729:INFO:wikiscrap.py:agra canal : Record inserted in DB (scrapper)
2021-12-31 16:21:31,729:INFO:wikiscrap.py:agra canal : Record inserted in DB (scrapper)
2021-12-31 16:21:31,730:INFO:wikiscrap.py:Thread run completed (app)
2021-12-31 16:21:31,730:INFO:wikiscrap.py:Thread run completed (app)
2021-12-31 16:21:31,730:INFO:wikiscrap.py:Thread run completed (app)
2021-12-31 16:21:34,132:INFO:wikiscrap.py:Landed in wikisummary Para
2021-12-31 16:21:34,132:INFO:wikiscrap.py:Landed in wikisummary Para
2021-12-31 16:21:34,132:INFO:wikiscrap.py:Landed in wikisummary Para
2021-12-31 16:21:36,600:INFO:wikiscrap.py:Record read from DB (wikisummary)
2021-12-31 16:21:36,600:INFO:wikiscrap.py:Record read from DB (wikisummary)
2021-12-31 16:21:36,600:INFO:wikiscrap.py:Record read from DB (wikisummary)
2021-12-31 16:21:36,600:INFO:wikiscrap.py:Formatted result (wikisummary)
2021-12-31 16:21:36,600:INFO:wikiscrap.py:Formatted result (wikisummary)
2021-12-31 16:21:36,600:INFO:wikiscrap.py:Formatted result (wikisummary)
2021-12-31 16:21:36,638:INFO:wikiscrap.py:Closed connection (wikisummary)
2021-12-31 16:21:36,638:INFO:wikiscrap.py:Closed connection (wikisummary)
2021-12-31 16:21:36,638:INFO:wikiscrap.py:Closed connection (wikisummary)
2021-12-31 16:21:50,157:INFO:wikiscrap.py:agra canal : Found in DB (app)
2021-12-31 16:21:50,157:INFO:wikiscrap.py:agra canal : Found in DB (app)
2021-12-31 16:21:50,157:INFO:wikiscrap.py:agra canal : Found in DB (app)
2021-12-31 16:21:50,549:INFO:wikiscrap.py:agra canal : Read DB and formatted result (app)
2021-12-31 16:21:50,549:INFO:wikiscrap.py:agra canal : Read DB and formatted result (app)
2021-12-31 16:21:50,549:INFO:wikiscrap.py:agra canal : Read DB and formatted result (app)
2021-12-31 16:23:44,883:INFO:wikiscrap.py:samsung : Not found in DB (app)
2021-12-31 16:23:44,883:INFO:wikiscrap.py:samsung : Not found in DB (app)
2021-12-31 16:23:44,883:INFO:wikiscrap.py:samsung : Not found in DB (app)
2021-12-31 16:23:49,132:INFO:wikiscrap.py:Search begins for samsung (app)
2021-12-31 16:23:49,132:INFO:wikiscrap.py:Search begins for samsung (app)
2021-12-31 16:23:49,132:INFO:wikiscrap.py:Search begins for samsung (app)
2021-12-31 16:23:49,133:INFO:wikiscrap.py:samsung : Successfully extracted details (app)
2021-12-31 16:23:49,133:INFO:wikiscrap.py:samsung : Successfully extracted details (app)
2021-12-31 16:23:49,133:INFO:wikiscrap.py:samsung : Successfully extracted details (app)
2021-12-31 16:23:49,905:INFO:wikiscrap.py:samsung : Not found in DB (scrapper)
2021-12-31 16:23:49,905:INFO:wikiscrap.py:samsung : Not found in DB (scrapper)
2021-12-31 16:23:49,905:INFO:wikiscrap.py:samsung : Not found in DB (scrapper)
2021-12-31 16:23:49,905:INFO:wikiscrap.py:samsung : Not found in DB (scrapper)
2021-12-31 16:23:56,030:INFO:wikiscrap.py:samsung : Summary extracted (scrapper)
2021-12-31 16:23:56,030:INFO:wikiscrap.py:samsung : Summary extracted (scrapper)
2021-12-31 16:23:56,030:INFO:wikiscrap.py:samsung : Summary extracted (scrapper)
2021-12-31 16:23:56,030:INFO:wikiscrap.py:samsung : Summary extracted (scrapper)
2021-12-31 16:24:01,365:INFO:wikiscrap.py:samsung : Reference links extracted (scrapper)
2021-12-31 16:24:01,365:INFO:wikiscrap.py:samsung : Reference links extracted (scrapper)
2021-12-31 16:24:01,365:INFO:wikiscrap.py:samsung : Reference links extracted (scrapper)
2021-12-31 16:24:01,365:INFO:wikiscrap.py:samsung : Reference links extracted (scrapper)
2021-12-31 16:24:03,729:INFO:wikiscrap.py:samsung : Image links extracted (scrapper)
2021-12-31 16:24:03,729:INFO:wikiscrap.py:samsung : Image links extracted (scrapper)
2021-12-31 16:24:03,729:INFO:wikiscrap.py:samsung : Image links extracted (scrapper)
2021-12-31 16:24:03,729:INFO:wikiscrap.py:samsung : Image links extracted (scrapper)
2021-12-31 16:24:03,729:INFO:wikiscrap.py:samsung : Result formatted (scrapper)
2021-12-31 16:24:03,729:INFO:wikiscrap.py:samsung : Result formatted (scrapper)
2021-12-31 16:24:03,729:INFO:wikiscrap.py:samsung : Result formatted (scrapper)
2021-12-31 16:24:03,729:INFO:wikiscrap.py:samsung : Result formatted (scrapper)
2021-12-31 16:24:04,225:INFO:wikiscrap.py:samsung : Record inserted in DB (scrapper)
2021-12-31 16:24:04,225:INFO:wikiscrap.py:samsung : Record inserted in DB (scrapper)
2021-12-31 16:24:04,225:INFO:wikiscrap.py:samsung : Record inserted in DB (scrapper)
2021-12-31 16:24:04,225:INFO:wikiscrap.py:samsung : Record inserted in DB (scrapper)
2021-12-31 16:24:04,226:INFO:wikiscrap.py:Thread run completed (app)
2021-12-31 16:24:04,226:INFO:wikiscrap.py:Thread run completed (app)
2021-12-31 16:24:04,226:INFO:wikiscrap.py:Thread run completed (app)
2021-12-31 16:24:04,226:INFO:wikiscrap.py:Thread run completed (app)
2021-12-31 16:24:09,332:INFO:wikiscrap.py:Landed in wikisummary Para
2021-12-31 16:24:09,332:INFO:wikiscrap.py:Landed in wikisummary Para
2021-12-31 16:24:09,332:INFO:wikiscrap.py:Landed in wikisummary Para
2021-12-31 16:24:09,332:INFO:wikiscrap.py:Landed in wikisummary Para
2021-12-31 16:24:12,394:INFO:wikiscrap.py:Record read from DB (wikisummary)
2021-12-31 16:24:12,394:INFO:wikiscrap.py:Record read from DB (wikisummary)
2021-12-31 16:24:12,394:INFO:wikiscrap.py:Record read from DB (wikisummary)
2021-12-31 16:24:12,394:INFO:wikiscrap.py:Record read from DB (wikisummary)
2021-12-31 16:24:12,395:INFO:wikiscrap.py:Formatted result (wikisummary)
2021-12-31 16:24:12,395:INFO:wikiscrap.py:Formatted result (wikisummary)
2021-12-31 16:24:12,395:INFO:wikiscrap.py:Formatted result (wikisummary)
2021-12-31 16:24:12,395:INFO:wikiscrap.py:Formatted result (wikisummary)
2021-12-31 16:24:12,463:INFO:wikiscrap.py:Closed connection (wikisummary)
2021-12-31 16:24:12,463:INFO:wikiscrap.py:Closed connection (wikisummary)
2021-12-31 16:24:12,463:INFO:wikiscrap.py:Closed connection (wikisummary)
2021-12-31 16:24:12,463:INFO:wikiscrap.py:Closed connection (wikisummary)
